[INFO] Scanning for projects...
[INFO] 
[INFO] --------------------------< com.app:starter1 >--------------------------
[INFO] Building starter1 0.0.1-SNAPSHOT
[INFO]   from pom.xml
[INFO] --------------------------------[ jar ]---------------------------------
[INFO] 
[INFO] --- resources:3.3.1:resources (default-resources) @ starter1 ---
[INFO] Copying 1 resource from src\main\resources to target\classes
[INFO] Copying 38 resources from src\main\resources to target\classes
[INFO] 
[INFO] --- compiler:3.13.0:compile (default-compile) @ starter1 ---
[INFO] Nothing to compile - all classes are up to date.
[INFO] 
[INFO] --- resources:3.3.1:testResources (default-testResources) @ starter1 ---
[INFO] skip non existing resourceDirectory C:\apps\cloudfly\backend\src\test\resources
[INFO] 
[INFO] --- compiler:3.13.0:testCompile (default-testCompile) @ starter1 ---
[INFO] Nothing to compile - all classes are up to date.
[INFO] 
[INFO] --- surefire:3.5.2:test (default-test) @ starter1 ---
[INFO] Using auto detected provider org.apache.maven.surefire.junitplatform.JUnitPlatformProvider
[INFO] 
[INFO] -------------------------------------------------------
[INFO]  T E S T S
[INFO] -------------------------------------------------------
[INFO] Running com.app.starter1.services.PortfolioServiceTest
16:52:47.383 [main] INFO com.app.starter1.services.PortfolioService -- Creating portfolio document for Invoice ID: 1
16:52:47.396 [main] INFO com.app.starter1.services.PortfolioService -- Portfolio Document created with ID: null
16:52:47.443 [main] INFO com.app.starter1.services.PortfolioService -- Registering payment from Contact ID: 100
[ERROR] Tests run: 2, Failures: 1, Errors: 0, Skipped: 0, Time elapsed: 2.181 s <<< FAILURE! -- in com.app.starter1.services.PortfolioServiceTest
[ERROR] com.app.starter1.services.PortfolioServiceTest.registerPayment_ShouldCreatePaymentAndApply_WhenApplicationsProvided -- Time elapsed: 0.030 s <<< FAILURE!
org.opentest4j.AssertionFailedError: expected: <0> but was: <0.00>
	at org.junit.jupiter.api.AssertionFailureBuilder.build(AssertionFailureBuilder.java:151)
	at org.junit.jupiter.api.AssertionFailureBuilder.buildAndThrow(AssertionFailureBuilder.java:132)
	at org.junit.jupiter.api.AssertEquals.failNotEqual(AssertEquals.java:197)
	at org.junit.jupiter.api.AssertEquals.assertEquals(AssertEquals.java:182)
	at org.junit.jupiter.api.AssertEquals.assertEquals(AssertEquals.java:177)
	at org.junit.jupiter.api.Assertions.assertEquals(Assertions.java:1145)
	at com.app.starter1.services.PortfolioServiceTest.registerPayment_ShouldCreatePaymentAndApply_WhenApplicationsProvided(PortfolioServiceTest.java:109)
	at java.base/java.lang.reflect.Method.invoke(Method.java:568)
	at java.base/java.util.ArrayList.forEach(ArrayList.java:1511)
	at java.base/java.util.ArrayList.forEach(ArrayList.java:1511)

[INFO] 
[INFO] Results:
[INFO] 
[ERROR] Failures: 
[ERROR]   PortfolioServiceTest.registerPayment_ShouldCreatePaymentAndApply_WhenApplicationsProvided:109 expected: <0> but was: <0.00>
[INFO] 
[ERROR] Tests run: 2, Failures: 1, Errors: 0, Skipped: 0
[INFO] 
[INFO] ------------------------------------------------------------------------
[INFO] BUILD FAILURE
[INFO] ------------------------------------------------------------------------
[INFO] Total time:  6.089 s
[INFO] Finished at: 2026-01-13T16:52:47-05:00
[INFO] ------------------------------------------------------------------------
[ERROR] Failed to execute goal org.apache.maven.plugins:maven-surefire-plugin:3.5.2:test (default-test) on project starter1: There are test failures.
[ERROR] 
[ERROR] See C:\apps\cloudfly\backend\target\surefire-reports for the individual test results.
[ERROR] See dump files (if any exist) [date].dump, [date]-jvmRun[N].dump and [date].dumpstream.
[ERROR] -> [Help 1]
[ERROR] 
[ERROR] To see the full stack trace of the errors, re-run Maven with the -e switch.
[ERROR] Re-run Maven using the -X switch to enable full debug logging.
[ERROR] 
[ERROR] For more information about the errors and possible solutions, please read the following articles:
[ERROR] [Help 1] http://cwiki.apache.org/confluence/display/MAVEN/MojoFailureException
